Error: -t option requires an hour value
Use --help for more information
