Unknown option: -x
Use --help for more information
