Warning: only hits between 11h and 12h have been taken into account
/page1.html (3 hits)
/page2.html (1 hits)
/page4.html (1 hits)
/page5.html (1 hits)
/page6.html (1 hits)
/page7.html (1 hits)