Error: -n option requires a valid value greater than 0