Error: -g option requires a .dot filename
Use --help for more information
