Error : Domain config file ( config/target_domain.txt ) is missing.
