Error: -n option requires a value
Use --help for more information
