/page2.html (5 hits)
/page1.html (3 hits)
/image.png (2 hits)
/image.gif (1 hits)
/image.jpeg (1 hits)
/image.jpg (1 hits)
/page3.html (1 hits)
/page4.html (1 hits)
/page5.html (1 hits)
/page6.html (1 hits)
/page7.html (1 hits)
/script.js (1 hits)