Error: -t option requires a valid hour between 0 and 23
