Usage: ../../bin/analog [options] logfilename.log
Use --help for more information
