Failed to open file: fichier2.log
Error : log file does not exist.