Too many arguments
Use --help for more information
